
   FAIL  Tests\Feature\NotificationTest
  Ô¿» Faculty Review Notifications ÔåÆ it sends notification when faculty approves logbook
  Ô¿» Faculty Review Notifications ÔåÆ it sends notification when faculty requests revision
  Ô¿» Faculty Review Notifications ÔåÆ it does not send notification when revision request fails validation
  Ô¿» Student Submission Notifications ÔåÆ it sends notification to faculty when student submits logbook
  Ô¿» Student Submission Notifications ÔåÆ it sends notification to faculty when student submits with AI analysis
  Ô¿» Notification Content ÔåÆ it approved notification contains correct data
  Ô¿» Notification Content ÔåÆ it revision notification contains supervisor comment
  Ô¿» Notification Content ÔåÆ it submission notification contains student name
  ÔöÇÔöÇÔöÇÔöÇÔöÇÔöÇÔöÇÔöÇÔöÇÔöÇÔöÇÔöÇÔöÇÔöÇÔöÇÔöÇÔöÇÔöÇÔöÇÔöÇÔöÇÔöÇÔöÇÔöÇÔöÇÔöÇÔöÇÔöÇÔöÇÔöÇÔöÇÔöÇÔöÇÔöÇÔöÇÔöÇ  
   FAILED  Tests\FeaÔÇª  QueryException   
  SQLSTATE[HY000]: General error: 1 table "notifications" already exists (Connection: sqlite, SQL: create table "notifications" ("id" varchar not null, "type" varchar not null, "notifiable_type" varchar not null, "notifiable_id" integer not null, "data" text not null, "read_at" datetime, "created_at" datetime, "updated_at" datetime, primary key ("id")))

  at vendor\laravel\framework\src\Illuminate\Database\Connection.php:564
    560Ôûò             if ($this->pretending()) {
    561Ôûò                 return true;
    562Ôûò             }
    563Ôûò 
  Ô×£ 564Ôûò             $statement = $this->getPdo()->prepare($query);
    565Ôûò 
    566Ôûò             $this->bindValues($statement, $this->prepareBindings($bindings));
    567Ôûò 
    568Ôûò             $this->recordsHaveBeenModified();

  1   vendor\laravel\framework\src\Illuminate\Database\Connection.php:564
  2   vendor\laravel\framework\src\Illuminate\Database\Connection.php:813

  ÔöÇÔöÇÔöÇÔöÇÔöÇÔöÇÔöÇÔöÇÔöÇÔöÇÔöÇÔöÇÔöÇÔöÇÔöÇÔöÇÔöÇÔöÇÔöÇÔöÇÔöÇÔöÇÔöÇÔöÇÔöÇÔöÇÔöÇÔöÇÔöÇÔöÇÔöÇÔöÇÔöÇÔöÇÔöÇÔöÇ  
   FAILED  Tests\FeaÔÇª  QueryException   
  SQLSTATE[HY000]: General error: 1 table "notifications" already exists (Connection: sqlite, SQL: create table "notifications" ("id" varchar not null, "type" varchar not null, "notifiable_type" varchar not null, "notifiable_id" integer not null, "data" text not null, "read_at" datetime, "created_at" datetime, "updated_at" datetime, primary key ("id")))

  at vendor\laravel\framework\src\Illuminate\Database\Connection.php:564
    560Ôûò             if ($this->pretending()) {
    561Ôûò                 return true;
    562Ôûò             }
    563Ôûò 
  Ô×£ 564Ôûò             $statement = $this->getPdo()->prepare($query);
    565Ôûò 
    566Ôûò             $this->bindValues($statement, $this->prepareBindings($bindings));
    567Ôûò 
    568Ôûò             $this->recordsHaveBeenModified();

  1   vendor\laravel\framework\src\Illuminate\Database\Connection.php:564
  2   vendor\laravel\framework\src\Illuminate\Database\Connection.php:813

  ÔöÇÔöÇÔöÇÔöÇÔöÇÔöÇÔöÇÔöÇÔöÇÔöÇÔöÇÔöÇÔöÇÔöÇÔöÇÔöÇÔöÇÔöÇÔöÇÔöÇÔöÇÔöÇÔöÇÔöÇÔöÇÔöÇÔöÇÔöÇÔöÇÔöÇÔöÇÔöÇÔöÇÔöÇÔöÇÔöÇ  
   FAILED  Tests\FeaÔÇª  QueryException   
  SQLSTATE[HY000]: General error: 1 table "notifications" already exists (Connection: sqlite, SQL: create table "notifications" ("id" varchar not null, "type" varchar not null, "notifiable_type" varchar not null, "notifiable_id" integer not null, "data" text not null, "read_at" datetime, "created_at" datetime, "updated_at" datetime, primary key ("id")))

  at vendor\laravel\framework\src\Illuminate\Database\Connection.php:564
    560Ôûò             if ($this->pretending()) {
    561Ôûò                 return true;
    562Ôûò             }
    563Ôûò 
  Ô×£ 564Ôûò             $statement = $this->getPdo()->prepare($query);
    565Ôûò 
    566Ôûò             $this->bindValues($statement, $this->prepareBindings($bindings));
    567Ôûò 
    568Ôûò             $this->recordsHaveBeenModified();

  1   vendor\laravel\framework\src\Illuminate\Database\Connection.php:564
  2   vendor\laravel\framework\src\Illuminate\Database\Connection.php:813

  ÔöÇÔöÇÔöÇÔöÇÔöÇÔöÇÔöÇÔöÇÔöÇÔöÇÔöÇÔöÇÔöÇÔöÇÔöÇÔöÇÔöÇÔöÇÔöÇÔöÇÔöÇÔöÇÔöÇÔöÇÔöÇÔöÇÔöÇÔöÇÔöÇÔöÇÔöÇÔöÇÔöÇÔöÇÔöÇÔöÇ  
   FAILED  Tests\FeaÔÇª  QueryException   
  SQLSTATE[HY000]: General error: 1 table "notifications" already exists (Connection: sqlite, SQL: create table "notifications" ("id" varchar not null, "type" varchar not null, "notifiable_type" varchar not null, "notifiable_id" integer not null, "data" text not null, "read_at" datetime, "created_at" datetime, "updated_at" datetime, primary key ("id")))

  at vendor\laravel\framework\src\Illuminate\Database\Connection.php:564
    560Ôûò             if ($this->pretending()) {
    561Ôûò                 return true;
    562Ôûò             }
    563Ôûò 
  Ô×£ 564Ôûò             $statement = $this->getPdo()->prepare($query);
    565Ôûò 
    566Ôûò             $this->bindValues($statement, $this->prepareBindings($bindings));
    567Ôûò 
    568Ôûò             $this->recordsHaveBeenModified();

  1   vendor\laravel\framework\src\Illuminate\Database\Connection.php:564
  2   vendor\laravel\framework\src\Illuminate\Database\Connection.php:813

  ÔöÇÔöÇÔöÇÔöÇÔöÇÔöÇÔöÇÔöÇÔöÇÔöÇÔöÇÔöÇÔöÇÔöÇÔöÇÔöÇÔöÇÔöÇÔöÇÔöÇÔöÇÔöÇÔöÇÔöÇÔöÇÔöÇÔöÇÔöÇÔöÇÔöÇÔöÇÔöÇÔöÇÔöÇÔöÇÔöÇ  
   FAILED  Tests\FeaÔÇª  QueryException   
  SQLSTATE[HY000]: General error: 1 table "notifications" already exists (Connection: sqlite, SQL: create table "notifications" ("id" varchar not null, "type" varchar not null, "notifiable_type" varchar not null, "notifiable_id" integer not null, "data" text not null, "read_at" datetime, "created_at" datetime, "updated_at" datetime, primary key ("id")))

  at vendor\laravel\framework\src\Illuminate\Database\Connection.php:564
    560Ôûò             if ($this->pretending()) {
    561Ôûò                 return true;
    562Ôûò             }
    563Ôûò 
  Ô×£ 564Ôûò             $statement = $this->getPdo()->prepare($query);
    565Ôûò 
    566Ôûò             $this->bindValues($statement, $this->prepareBindings($bindings));
    567Ôûò 
    568Ôûò             $this->recordsHaveBeenModified();

  1   vendor\laravel\framework\src\Illuminate\Database\Connection.php:564
  2   vendor\laravel\framework\src\Illuminate\Database\Connection.php:813

  ÔöÇÔöÇÔöÇÔöÇÔöÇÔöÇÔöÇÔöÇÔöÇÔöÇÔöÇÔöÇÔöÇÔöÇÔöÇÔöÇÔöÇÔöÇÔöÇÔöÇÔöÇÔöÇÔöÇÔöÇÔöÇÔöÇÔöÇÔöÇÔöÇÔöÇÔöÇÔöÇÔöÇÔöÇÔöÇÔöÇ  
   FAILED  Tests\FeaÔÇª  QueryException   
  SQLSTATE[HY000]: General error: 1 table "notifications" already exists (Connection: sqlite, SQL: create table "notifications" ("id" varchar not null, "type" varchar not null, "notifiable_type" varchar not null, "notifiable_id" integer not null, "data" text not null, "read_at" datetime, "created_at" datetime, "updated_at" datetime, primary key ("id")))

  at vendor\laravel\framework\src\Illuminate\Database\Connection.php:564
    560Ôûò             if ($this->pretending()) {
    561Ôûò                 return true;
    562Ôûò             }
    563Ôûò 
  Ô×£ 564Ôûò             $statement = $this->getPdo()->prepare($query);
    565Ôûò 
    566Ôûò             $this->bindValues($statement, $this->prepareBindings($bindings));
    567Ôûò 
    568Ôûò             $this->recordsHaveBeenModified();

  1   vendor\laravel\framework\src\Illuminate\Database\Connection.php:564
  2   vendor\laravel\framework\src\Illuminate\Database\Connection.php:813

  ÔöÇÔöÇÔöÇÔöÇÔöÇÔöÇÔöÇÔöÇÔöÇÔöÇÔöÇÔöÇÔöÇÔöÇÔöÇÔöÇÔöÇÔöÇÔöÇÔöÇÔöÇÔöÇÔöÇÔöÇÔöÇÔöÇÔöÇÔöÇÔöÇÔöÇÔöÇÔöÇÔöÇÔöÇÔöÇÔöÇ  
   FAILED  Tests\FeaÔÇª  QueryException   
  SQLSTATE[HY000]: General error: 1 table "notifications" already exists (Connection: sqlite, SQL: create table "notifications" ("id" varchar not null, "type" varchar not null, "notifiable_type" varchar not null, "notifiable_id" integer not null, "data" text not null, "read_at" datetime, "created_at" datetime, "updated_at" datetime, primary key ("id")))

  at vendor\laravel\framework\src\Illuminate\Database\Connection.php:564
    560Ôûò             if ($this->pretending()) {
    561Ôûò                 return true;
    562Ôûò             }
    563Ôûò 
  Ô×£ 564Ôûò             $statement = $this->getPdo()->prepare($query);
    565Ôûò 
    566Ôûò             $this->bindValues($statement, $this->prepareBindings($bindings));
    567Ôûò 
    568Ôûò             $this->recordsHaveBeenModified();

  1   vendor\laravel\framework\src\Illuminate\Database\Connection.php:564
  2   vendor\laravel\framework\src\Illuminate\Database\Connection.php:813

  ÔöÇÔöÇÔöÇÔöÇÔöÇÔöÇÔöÇÔöÇÔöÇÔöÇÔöÇÔöÇÔöÇÔöÇÔöÇÔöÇÔöÇÔöÇÔöÇÔöÇÔöÇÔöÇÔöÇÔöÇÔöÇÔöÇÔöÇÔöÇÔöÇÔöÇÔöÇÔöÇÔöÇÔöÇÔöÇÔöÇ  
   FAILED  Tests\FeaÔÇª  QueryException   
  SQLSTATE[HY000]: General error: 1 table "notifications" already exists (Connection: sqlite, SQL: create table "notifications" ("id" varchar not null, "type" varchar not null, "notifiable_type" varchar not null, "notifiable_id" integer not null, "data" text not null, "read_at" datetime, "created_at" datetime, "updated_at" datetime, primary key ("id")))

  at vendor\laravel\framework\src\Illuminate\Database\Connection.php:564
    560Ôûò             if ($this->pretending()) {
    561Ôûò                 return true;
    562Ôûò             }
    563Ôûò 
  Ô×£ 564Ôûò             $statement = $this->getPdo()->prepare($query);
    565Ôûò 
    566Ôûò             $this->bindValues($statement, $this->prepareBindings($bindings));
    567Ôûò 
    568Ôûò             $this->recordsHaveBeenModified();

  1   vendor\laravel\framework\src\Illuminate\Database\Connection.php:564
  2   vendor\laravel\framework\src\Illuminate\Database\Connection.php:813


  Tests:    8 failed (0 assertions)
  Duration: 0.81s

